../Core/Src/main.c:85:5:main	104	static
../Core/Src/main.c:179:6:SystemClock_Config	88	static
../Core/Src/main.c:224:6:PeriphCommonClock_Config	32	static
../Core/Src/main.c:245:13:MX_I2C1_Init	8	static
../Core/Src/main.c:279:13:MX_I2S2_Init	8	static
../Core/Src/main.c:313:13:MX_I2S3_Init	8	static
../Core/Src/main.c:347:13:MX_SPI1_Init	8	static
../Core/Src/main.c:385:13:MX_USART2_UART_Init	8	static
../Core/Src/main.c:418:13:MX_GPIO_Init	56	static
../Core/Src/main.c:509:6:HAL_GPIO_EXTI_Callback	16	static
../Core/Src/main.c:522:6:Error_Handler	4	static,ignoring_inline_asm
