Archive member included to satisfy reference by file (symbol)

/Applications/STM32CubeIDE.app/Contents/Eclipse/plugins/com.st.stm32cube.ide.mcu.externaltools.gnu-tools-for-stm32.10.3-2021.10.macos64_1.0.0.202111181127/tools/bin/../lib/gcc/arm-none-eabi/10.3.1/../../../../arm-none-eabi/lib/thumb/v7e-m+fp/hard/libc_nano.a(lib_a-errno.o)
                              ./Core/Src/syscalls.o (__errno)
/Applications/STM32CubeIDE.app/Contents/Eclipse/plugins/com.st.stm32cube.ide.mcu.externaltools.gnu-tools-for-stm32.10.3-2021.10.macos64_1.0.0.202111181127/tools/bin/../lib/gcc/arm-none-eabi/10.3.1/../../../../arm-none-eabi/lib/thumb/v7e-m+fp/hard/libc_nano.a(lib_a-exit.o)
                              /Applications/STM32CubeIDE.app/Contents/Eclipse/plugins/com.st.stm32cube.ide.mcu.externaltools.gnu-tools-for-stm32.10.3-2021.10.macos64_1.0.0.202111181127/tools/bin/../lib/gcc/arm-none-eabi/10.3.1/../../../../arm-none-eabi/lib/thumb/v7e-m+fp/hard/crt0.o (exit)
/Applications/STM32CubeIDE.app/Contents/Eclipse/plugins/com.st.stm32cube.ide.mcu.externaltools.gnu-tools-for-stm32.10.3-2021.10.macos64_1.0.0.202111181127/tools/bin/../lib/gcc/arm-none-eabi/10.3.1/../../../../arm-none-eabi/lib/thumb/v7e-m+fp/hard/libc_nano.a(lib_a-impure.o)
                              /Applications/STM32CubeIDE.app/Contents/Eclipse/plugins/com.st.stm32cube.ide.mcu.externaltools.gnu-tools-for-stm32.10.3-2021.10.macos64_1.0.0.202111181127/tools/bin/../lib/gcc/arm-none-eabi/10.3.1/../../../../arm-none-eabi/lib/thumb/v7e-m+fp/hard/libc_nano.a(lib_a-exit.o) (_global_impure_ptr)
/Applications/STM32CubeIDE.app/Contents/Eclipse/plugins/com.st.stm32cube.ide.mcu.externaltools.gnu-tools-for-stm32.10.3-2021.10.macos64_1.0.0.202111181127/tools/bin/../lib/gcc/arm-none-eabi/10.3.1/../../../../arm-none-eabi/lib/thumb/v7e-m+fp/hard/libc_nano.a(lib_a-init.o)
                              /Applications/STM32CubeIDE.app/Contents/Eclipse/plugins/com.st.stm32cube.ide.mcu.externaltools.gnu-tools-for-stm32.10.3-2021.10.macos64_1.0.0.202111181127/tools/bin/../lib/gcc/arm-none-eabi/10.3.1/../../../../arm-none-eabi/lib/thumb/v7e-m+fp/hard/crt0.o (__libc_init_array)
/Applications/STM32CubeIDE.app/Contents/Eclipse/plugins/com.st.stm32cube.ide.mcu.externaltools.gnu-tools-for-stm32.10.3-2021.10.macos64_1.0.0.202111181127/tools/bin/../lib/gcc/arm-none-eabi/10.3.1/../../../../arm-none-eabi/lib/thumb/v7e-m+fp/hard/libc_nano.a(lib_a-memset.o)
                              /Applications/STM32CubeIDE.app/Contents/Eclipse/plugins/com.st.stm32cube.ide.mcu.externaltools.gnu-tools-for-stm32.10.3-2021.10.macos64_1.0.0.202111181127/tools/bin/../lib/gcc/arm-none-eabi/10.3.1/../../../../arm-none-eabi/lib/thumb/v7e-m+fp/hard/crt0.o (memset)
/Applications/STM32CubeIDE.app/Contents/Eclipse/plugins/com.st.stm32cube.ide.mcu.externaltools.gnu-tools-for-stm32.10.3-2021.10.macos64_1.0.0.202111181127/tools/bin/../lib/gcc/arm-none-eabi/10.3.1/thumb/v7e-m+fp/hard/libgcc.a(_aeabi_uldivmod.o)
                              ./Drivers/STM32F4xx_HAL_Driver/Src/stm32f4xx_hal_rcc.o (__aeabi_uldivmod)
/Applications/STM32CubeIDE.app/Contents/Eclipse/plugins/com.st.stm32cube.ide.mcu.externaltools.gnu-tools-for-stm32.10.3-2021.10.macos64_1.0.0.202111181127/tools/bin/../lib/gcc/arm-none-eabi/10.3.1/thumb/v7e-m+fp/hard/libgcc.a(_udivmoddi4.o)
                              /Applications/STM32CubeIDE.app/Contents/Eclipse/plugins/com.st.stm32cube.ide.mcu.externaltools.gnu-tools-for-stm32.10.3-2021.10.macos64_1.0.0.202111181127/tools/bin/../lib/gcc/arm-none-eabi/10.3.1/thumb/v7e-m+fp/hard/libgcc.a(_aeabi_uldivmod.o) (__udivmoddi4)
/Applications/STM32CubeIDE.app/Contents/Eclipse/plugins/com.st.stm32cube.ide.mcu.externaltools.gnu-tools-for-stm32.10.3-2021.10.macos64_1.0.0.202111181127/tools/bin/../lib/gcc/arm-none-eabi/10.3.1/thumb/v7e-m+fp/hard/libgcc.a(_dvmd_tls.o)
                              /Applications/STM32CubeIDE.app/Contents/Eclipse/plugins/com.st.stm32cube.ide.mcu.externaltools.gnu-tools-for-stm32.10.3-2021.10.macos64_1.0.0.202111181127/tools/bin/../lib/gcc/arm-none-eabi/10.3.1/thumb/v7e-m+fp/hard/libgcc.a(_aeabi_uldivmod.o) (__aeabi_ldiv0)

Discarded input sections

 .text          0x0000000000000000        0x0 /Applications/STM32CubeIDE.app/Contents/Eclipse/plugins/com.st.stm32cube.ide.mcu.externaltools.gnu-tools-for-stm32.10.3-2021.10.macos64_1.0.0.202111181127/tools/bin/../lib/gcc/arm-none-eabi/10.3.1/thumb/v7e-m+fp/hard/crti.o
 .data          0x0000000000000000        0x0 /Applications/STM32CubeIDE.app/Contents/Eclipse/plugins/com.st.stm32cube.ide.mcu.externaltools.gnu-tools-for-stm32.10.3-2021.10.macos64_1.0.0.202111181127/tools/bin/../lib/gcc/arm-none-eabi/10.3.1/thumb/v7e-m+fp/hard/crti.o
 .bss           0x0000000000000000        0x0 /Applications/STM32CubeIDE.app/Contents/Eclipse/plugins/com.st.stm32cube.ide.mcu.externaltools.gnu-tools-for-stm32.10.3-2021.10.macos64_1.0.0.202111181127/tools/bin/../lib/gcc/arm-none-eabi/10.3.1/thumb/v7e-m+fp/hard/crti.o
[...]
Memory Configuration

Name             Origin             Length             Attributes
RAM              0x0000000020000000 0x0000000000020000 xrw
FLASH            0x0000000008000000 0x0000000000080000 xr
*default*        0x0000000000000000 0xffffffffffffffff

Linker script and memory map

LOAD /Applications/STM32CubeIDE.app/Contents/Eclipse/plugins/com.st.stm32cube.ide.mcu.externaltools.gnu-tools-for-stm32.10.3-2021.10.macos64_1.0.0.202111181127/tools/bin/../lib/gcc/arm-none-eabi/10.3.1/thumb/v7e-m+fp/hard/crti.o
LOAD /Applications/STM32CubeIDE.app/Contents/Eclipse/plugins/com.st.stm32cube.ide.mcu.externaltools.gnu-tools-for-stm32.10.3-2021.10.macos64_1.0.0.202111181127/tools/bin/../lib/gcc/arm-none-eabi/10.3.1/thumb/v7e-m+fp/hard/crtbegin.o
LOAD /Applications/STM32CubeIDE.app/Contents/Eclipse/plugins/com.st.stm32cube.ide.mcu.externaltools.gnu-tools-for-stm32.10.3-2021.10.macos64_1.0.0.202111181127/tools/bin/../lib/gcc/arm-none-eabi/10.3.1/../../../../arm-none-eabi/lib/thumb/v7e-m+fp/hard/crt0.o
LOAD ./Core/Src/LoRa.o
LOAD ./Core/Src/adc.o
LOAD ./Core/Src/gpio.o
LOAD ./Core/Src/main.o
LOAD ./Core/Src/spi.o
LOAD ./Core/Src/stm32f4xx_hal_msp.o
LOAD ./Core/Src/stm32f4xx_hal_timebase_tim.o
LOAD ./Core/Src/stm32f4xx_it.o
LOAD ./Core/Src/syscalls.o
LOAD ./Core/Src/sysmem.o
LOAD ./Core/Src/system_stm32f4xx.o
LOAD ./Core/Src/usart.o
LOAD ./Core/Startup/startup_stm32f411vetx.o
LOAD ./Drivers/STM32F4xx_HAL_Driver/Src/stm32f4xx_hal.o
LOAD ./Drivers/STM32F4xx_HAL_Driver/Src/stm32f4xx_hal_adc.o
LOAD ./Drivers/STM32F4xx_HAL_Driver/Src/stm32f4xx_hal_adc_ex.o
LOAD ./Drivers/STM32F4xx_HAL_Driver/Src/stm32f4xx_hal_cortex.o
LOAD ./Drivers/STM32F4xx_HAL_Driver/Src/stm32f4xx_hal_dma.o
LOAD ./Drivers/STM32F4xx_HAL_Driver/Src/stm32f4xx_hal_dma_ex.o
LOAD ./Drivers/STM32F4xx_HAL_Driver/Src/stm32f4xx_hal_exti.o
LOAD ./Drivers/STM32F4xx_HAL_Driver/Src/stm32f4xx_hal_flash.o
LOAD ./Drivers/STM32F4xx_HAL_Driver/Src/stm32f4xx_hal_flash_ex.o
LOAD ./Drivers/STM32F4xx_HAL_Driver/Src/stm32f4xx_hal_flash_ramfunc.o
LOAD ./Drivers/STM32F4xx_HAL_Driver/Src/stm32f4xx_hal_gpio.o
LOAD ./Drivers/STM32F4xx_HAL_Driver/Src/stm32f4xx_hal_pwr.o
LOAD ./Drivers/STM32F4xx_HAL_Driver/Src/stm32f4xx_hal_pwr_ex.o
LOAD ./Drivers/STM32F4xx_HAL_Driver/Src/stm32f4xx_hal_rcc.o
LOAD ./Drivers/STM32F4xx_HAL_Driver/Src/stm32f4xx_hal_rcc_ex.o
LOAD ./Drivers/STM32F4xx_HAL_Driver/Src/stm32f4xx_hal_spi.o
LOAD ./Drivers/STM32F4xx_HAL_Driver/Src/stm32f4xx_hal_tim.o
LOAD ./Drivers/STM32F4xx_HAL_Driver/Src/stm32f4xx_hal_tim_ex.o
LOAD ./Drivers/STM32F4xx_HAL_Driver/Src/stm32f4xx_hal_uart.o
LOAD ./Drivers/STM32F4xx_HAL_Driver/Src/stm32f4xx_ll_adc.o
START GROUP
LOAD /Applications/STM32CubeIDE.app/Contents/Eclipse/plugins/com.st.stm32cube.ide.mcu.externaltools.gnu-tools-for-stm32.10.3-2021.10.macos64_1.0.0.202111181127/tools/bin/../lib/gcc/arm-none-eabi/10.3.1/../../../../arm-none-eabi/lib/thumb/v7e-m+fp/hard/libc_nano.a
LOAD /Applications/STM32CubeIDE.app/Contents/Eclipse/plugins/com.st.stm32cube.ide.mcu.externaltools.gnu-tools-for-stm32.10.3-2021.10.macos64_1.0.0.202111181127/tools/bin/../lib/gcc/arm-none-eabi/10.3.1/../../../../arm-none-eabi/lib/thumb/v7e-m+fp/hard/libm.a
END GROUP
START GROUP
LOAD /Applications/STM32CubeIDE.app/Contents/Eclipse/plugins/com.st.stm32cube.ide.mcu.externaltools.gnu-tools-for-stm32.10.3-2021.10.macos64_1.0.0.202111181127/tools/bin/../lib/gcc/arm-none-eabi/10.3.1/thumb/v7e-m+fp/hard/libgcc.a
LOAD /Applications/STM32CubeIDE.app/Contents/Eclipse/plugins/com.st.stm32cube.ide.mcu.externaltools.gnu-tools-for-stm32.10.3-2021.10.macos64_1.0.0.202111181127/tools/bin/../lib/gcc/arm-none-eabi/10.3.1/../../../../arm-none-eabi/lib/thumb/v7e-m+fp/hard/libc_nano.a
END GROUP
START GROUP
LOAD /Applications/STM32CubeIDE.app/Contents/Eclipse/plugins/com.st.stm32cube.ide.mcu.externaltools.gnu-tools-for-stm32.10.3-2021.10.macos64_1.0.0.202111181127/tools/bin/../lib/gcc/arm-none-eabi/10.3.1/thumb/v7e-m+fp/hard/libgcc.a
LOAD /Applications/STM32CubeIDE.app/Contents/Eclipse/plugins/com.st.stm32cube.ide.mcu.externaltools.gnu-tools-for-stm32.10.3-2021.10.macos64_1.0.0.202111181127/tools/bin/../lib/gcc/arm-none-eabi/10.3.1/../../../../arm-none-eabi/lib/thumb/v7e-m+fp/hard/libc_nano.a
LOAD /Applications/STM32CubeIDE.app/Contents/Eclipse/plugins/com.st.stm32cube.ide.mcu.externaltools.gnu-tools-for-stm32.10.3-2021.10.macos64_1.0.0.202111181127/tools/bin/../lib/gcc/arm-none-eabi/10.3.1/../../../../arm-none-eabi/lib/thumb/v7e-m+fp/hard/libnosys.a
END GROUP
START GROUP
LOAD /Applications/STM32CubeIDE.app/Contents/Eclipse/plugins/com.st.stm32cube.ide.mcu.externaltools.gnu-tools-for-stm32.10.3-2021.10.macos64_1.0.0.202111181127/tools/bin/../lib/gcc/arm-none-eabi/10.3.1/thumb/v7e-m+fp/hard/libgcc.a
LOAD /Applications/STM32CubeIDE.app/Contents/Eclipse/plugins/com.st.stm32cube.ide.mcu.externaltools.gnu-tools-for-stm32.10.3-2021.10.macos64_1.0.0.202111181127/tools/bin/../lib/gcc/arm-none-eabi/10.3.1/../../../../arm-none-eabi/lib/thumb/v7e-m+fp/hard/libc_nano.a
LOAD /Applications/STM32CubeIDE.app/Contents/Eclipse/plugins/com.st.stm32cube.ide.mcu.externaltools.gnu-tools-for-stm32.10.3-2021.10.macos64_1.0.0.202111181127/tools/bin/../lib/gcc/arm-none-eabi/10.3.1/../../../../arm-none-eabi/lib/thumb/v7e-m+fp/hard/libnosys.a
END GROUP
LOAD /Applications/STM32CubeIDE.app/Contents/Eclipse/plugins/com.st.stm32cube.ide.mcu.externaltools.gnu-tools-for-stm32.10.3-2021.10.macos64_1.0.0.202111181127/tools/bin/../lib/gcc/arm-none-eabi/10.3.1/thumb/v7e-m+fp/hard/crtend.o
LOAD /Applications/STM32CubeIDE.app/Contents/Eclipse/plugins/com.st.stm32cube.ide.mcu.externaltools.gnu-tools-for-stm32.10.3-2021.10.macos64_1.0.0.202111181127/tools/bin/../lib/gcc/arm-none-eabi/10.3.1/thumb/v7e-m+fp/hard/crtn.o
                0x0000000020020000                _estack = (ORIGIN (RAM) + LENGTH (RAM))
                0x0000000000000200                _Min_Heap_Size = 0x200
                0x0000000000000400                _Min_Stack_Size = 0x400

.isr_vector     0x0000000008000000      0x198
                0x0000000008000000                . = ALIGN (0x4)
 *(.isr_vector)
 .isr_vector    0x0000000008000000      0x198 ./Core/Startup/startup_stm32f411vetx.o
                0x0000000008000000                g_pfnVectors
                0x0000000008000198                . = ALIGN (0x4)

.text           0x0000000008000198     0x4e0c
                0x0000000008000198                . = ALIGN (0x4)
 *(.text)
 .text          0x0000000008000198       0x40 /Applications/STM32CubeIDE.app/Contents/Eclipse/plugins/com.st.stm32cube.ide.mcu.externaltools.gnu-tools-for-stm32.10.3-2021.10.macos64_1.0.0.202111181127/tools/bin/../lib/gcc/arm-none-eabi/10.3.1/thumb/v7e-m+fp/hard/crtbegin.o
 .text          0x00000000080001d8       0x30 /Applications/STM32CubeIDE.app/Contents/Eclipse/plugins/com.st.stm32cube.ide.mcu.externaltools.gnu-tools-for-stm32.10.3-2021.10.macos64_1.0.0.202111181127/tools/bin/../lib/gcc/arm-none-eabi/10.3.1/thumb/v7e-m+fp/hard/libgcc.a(_aeabi_uldivmod.o)
                0x00000000080001d8                __aeabi_uldivmod
 .text          0x0000000008000208      0x2d0 /Applications/STM32CubeIDE.app/Contents/Eclipse/plugins/com.st.stm32cube.ide.mcu.externaltools.gnu-tools-for-stm32.10.3-2021.10.macos64_1.0.0.202111181127/tools/bin/../lib/gcc/arm-none-eabi/10.3.1/thumb/v7e-m+fp/hard/libgcc.a(_udivmoddi4.o)
                0x0000000008000208                __udivmoddi4
 .text          0x00000000080004d8        0x4 /Applications/STM32CubeIDE.app/Contents/Eclipse/plugins/com.st.stm32cube.ide.mcu.externaltools.gnu-tools-for-stm32.10.3-2021.10.macos64_1.0.0.202111181127/tools/bin/../lib/gcc/arm-none-eabi/10.3.1/thumb/v7e-m+fp/hard/libgcc.a(_dvmd_tls.o)
                0x00000000080004d8                __aeabi_ldiv0
                0x00000000080004d8                __aeabi_idiv0
 *(.text*)
 .text.newLoRa  0x00000000080004dc       0x52 ./Core/Src/LoRa.o
                0x00000000080004dc                newLoRa
 .text.LoRa_reset
                0x000000000800052e       0x3c ./Core/Src/LoRa.o
                0x000000000800052e                LoRa_reset
 .text.LoRa_gotoMode
                0x000000000800056a       0xc2 ./Core/Src/LoRa.o
                0x000000000800056a                LoRa_gotoMode
 .text.LoRa_readReg
                0x000000000800062c       0x7c ./Core/Src/LoRa.o
                0x000000000800062c                LoRa_readReg
 .text.LoRa_writeReg
                0x00000000080006a8       0x7c ./Core/Src/LoRa.o
                0x00000000080006a8                LoRa_writeReg
 .text.LoRa_setFrequency
                0x0000000008000724       0x60 ./Core/Src/LoRa.o
                0x0000000008000724                LoRa_setFrequency
 .text.LoRa_setSpreadingFactor
                0x0000000008000784       0x5e ./Core/Src/LoRa.o
                0x0000000008000784                LoRa_setSpreadingFactor
 .text.LoRa_setPower
                0x00000000080007e2       0x26 ./Core/Src/LoRa.o
                0x00000000080007e2                LoRa_setPower
 .text.LoRa_setOCP
                0x0000000008000808       0x7c ./Core/Src/LoRa.o
                0x0000000008000808                LoRa_setOCP
 .text.LoRa_setTOMsb_setCRCon
                0x0000000008000884       0x36 ./Core/Src/LoRa.o
                0x0000000008000884                LoRa_setTOMsb_setCRCon
 .text.LoRa_read
                0x00000000080008ba       0x34 ./Core/Src/LoRa.o
                0x00000000080008ba                LoRa_read
 .text.LoRa_write
                0x00000000080008ee       0x3a ./Core/Src/LoRa.o
                0x00000000080008ee                LoRa_write
 .text.LoRa_isvalid
                0x0000000008000928       0x16 ./Core/Src/LoRa.o
                0x0000000008000928                LoRa_isvalid
 .text.LoRa_startReceiving
                0x000000000800093e       0x18 ./Core/Src/LoRa.o
                0x000000000800093e                LoRa_startReceiving
 .text.LoRa_receive
                0x0000000008000956       0xc0 ./Core/Src/LoRa.o
                0x0000000008000956                LoRa_receive
 .text.LoRa_init
                0x0000000008000a16      0x148 ./Core/Src/LoRa.o
                0x0000000008000a16                LoRa_init
 *fill*         0x0000000008000b5e        0x2 
 .text.MX_ADC1_Init
                0x0000000008000b60       0xa4 ./Core/Src/adc.o
                0x0000000008000b60                MX_ADC1_Init
 .text.HAL_ADC_MspInit
                0x0000000008000c04       0x88 ./Core/Src/adc.o
                0x0000000008000c04                HAL_ADC_MspInit
 .text.MX_GPIO_Init
                0x0000000008000c8c      0x120 ./Core/Src/gpio.o
                0x0000000008000c8c                MX_GPIO_Init
 .text.main     0x0000000008000dac      0x14c ./Core/Src/main.o
                0x0000000008000dac                main
 .text.SystemClock_Config
                0x0000000008000ef8       0xd0 ./Core/Src/main.o
                0x0000000008000ef8                SystemClock_Config
 .text.HAL_TIM_PeriodElapsedCallback
                0x0000000008000fc8       0x24 ./Core/Src/main.o
                0x0000000008000fc8                HAL_TIM_PeriodElapsedCallback
 .text.Error_Handler
                0x0000000008000fec        0xa ./Core/Src/main.o
                0x0000000008000fec                Error_Handler
 .text.assert_failed
                0x0000000008000ff6       0x16 ./Core/Src/main.o
                0x0000000008000ff6                assert_failed
 .text.MX_SPI1_Init
                0x000000000800100c       0x6c ./Core/Src/spi.o
                0x000000000800100c                MX_SPI1_Init
 .text.HAL_SPI_MspInit
                0x0000000008001078       0x90 ./Core/Src/spi.o
                0x0000000008001078                HAL_SPI_MspInit
 .text.HAL_MspInit
                0x0000000008001108       0x50 ./Core/Src/stm32f4xx_hal_msp.o
                0x0000000008001108                HAL_MspInit
 .text.HAL_InitTick
                0x0000000008001158       0xe4 ./Core/Src/stm32f4xx_hal_timebase_tim.o
                0x0000000008001158                HAL_InitTick
 .text.NMI_Handler
                0x000000000800123c        0x6 ./Core/Src/stm32f4xx_it.o
                0x000000000800123c                NMI_Handler
 .text.HardFault_Handler
                0x0000000008001242        0x6 ./Core/Src/stm32f4xx_it.o
                0x0000000008001242                HardFault_Handler
 .text.MemManage_Handler
                0x0000000008001248        0x6 ./Core/Src/stm32f4xx_it.o
                0x0000000008001248                MemManage_Handler
 .text.BusFault_Handler
                0x000000000800124e        0x6 ./Core/Src/stm32f4xx_it.o
                0x000000000800124e                BusFault_Handler
 .text.UsageFault_Handler
                0x0000000008001254        0x6 ./Core/Src/stm32f4xx_it.o
                0x0000000008001254                UsageFault_Handler
 .text.SVC_Handler
                0x000000000800125a        0xe ./Core/Src/stm32f4xx_it.o
                0x000000000800125a                SVC_Handler
 .text.DebugMon_Handler
                0x0000000008001268        0xe ./Core/Src/stm32f4xx_it.o
                0x0000000008001268                DebugMon_Handler
 .text.PendSV_Handler
                0x0000000008001276        0xe ./Core/Src/stm32f4xx_it.o
                0x0000000008001276                PendSV_Handler
 .text.SysTick_Handler
                0x0000000008001284        0xe ./Core/Src/stm32f4xx_it.o
                0x0000000008001284                SysTick_Handler
 *fill*         0x0000000008001292        0x2 
 .text.TIM1_UP_TIM10_IRQHandler
                0x0000000008001294       0x14 ./Core/Src/stm32f4xx_it.o
                0x0000000008001294                TIM1_UP_TIM10_IRQHandler
 .text.SystemInit
                0x00000000080012a8       0x24 ./Core/Src/system_stm32f4xx.o
                0x00000000080012a8                SystemInit
 .text.MX_USART2_UART_Init
                0x00000000080012cc       0x54 ./Core/Src/usart.o
                0x00000000080012cc                MX_USART2_UART_Init
 .text.HAL_UART_MspInit
                0x0000000008001320       0x90 ./Core/Src/usart.o
                0x0000000008001320                HAL_UART_MspInit
 .text.Reset_Handler
                0x00000000080013b0       0x50 ./Core/Startup/startup_stm32f411vetx.o
                0x00000000080013b0                Reset_Handler
 .text.Default_Handler
                0x0000000008001400        0x2 ./Core/Startup/startup_stm32f411vetx.o
                0x0000000008001400                DMA1_Stream3_IRQHandler
                0x0000000008001400                EXTI2_IRQHandler
                0x0000000008001400                SPI4_IRQHandler
                0x0000000008001400                TIM1_CC_IRQHandler
                0x0000000008001400                DMA2_Stream5_IRQHandler
                0x0000000008001400                DMA1_Stream5_IRQHandler
                0x0000000008001400                PVD_IRQHandler
                0x0000000008001400                SDIO_IRQHandler
                0x0000000008001400                TAMP_STAMP_IRQHandler
                0x0000000008001400                EXTI3_IRQHandler
                0x0000000008001400                I2C3_ER_IRQHandler
                0x0000000008001400                EXTI0_IRQHandler
                0x0000000008001400                I2C2_EV_IRQHandler
                0x0000000008001400                DMA1_Stream2_IRQHandler
                0x0000000008001400                FPU_IRQHandler
                0x0000000008001400                DMA2_Stream2_IRQHandler
                0x0000000008001400                SPI1_IRQHandler
                0x0000000008001400                TIM1_BRK_TIM9_IRQHandler
                0x0000000008001400                DMA2_Stream3_IRQHandler
                0x0000000008001400                USART6_IRQHandler
                0x0000000008001400                DMA2_Stream0_IRQHandler
                0x0000000008001400                TIM4_IRQHandler
                0x0000000008001400                I2C1_EV_IRQHandler
                0x0000000008001400                DMA1_Stream6_IRQHandler
                0x0000000008001400                DMA1_Stream1_IRQHandler
                0x0000000008001400                TIM3_IRQHandler
                0x0000000008001400                RCC_IRQHandler
                0x0000000008001400                Default_Handler
                0x0000000008001400                EXTI15_10_IRQHandler
                0x0000000008001400                ADC_IRQHandler
                0x0000000008001400                DMA1_Stream7_IRQHandler
                0x0000000008001400                SPI5_IRQHandler
                0x0000000008001400                TIM5_IRQHandler
                0x0000000008001400                DMA2_Stream7_IRQHandler
                0x0000000008001400                I2C3_EV_IRQHandler
                0x0000000008001400                EXTI9_5_IRQHandler
                0x0000000008001400                RTC_WKUP_IRQHandler
                0x0000000008001400                SPI2_IRQHandler
                0x0000000008001400                DMA1_Stream0_IRQHandler
                0x0000000008001400                EXTI4_IRQHandler
                0x0000000008001400                WWDG_IRQHandler
                0x0000000008001400                TIM2_IRQHandler
                0x0000000008001400                OTG_FS_WKUP_IRQHandler
                0x0000000008001400                TIM1_TRG_COM_TIM11_IRQHandler
                0x0000000008001400                EXTI1_IRQHandler
                0x0000000008001400                USART2_IRQHandler
                0x0000000008001400                I2C2_ER_IRQHandler
                0x0000000008001400                DMA2_Stream1_IRQHandler
                0x0000000008001400                FLASH_IRQHandler
                0x0000000008001400                DMA2_Stream4_IRQHandler
                0x0000000008001400                USART1_IRQHandler
                0x0000000008001400                OTG_FS_IRQHandler
                0x0000000008001400                SPI3_IRQHandler
                0x0000000008001400                DMA1_Stream4_IRQHandler
                0x0000000008001400                I2C1_ER_IRQHandler
                0x0000000008001400                DMA2_Stream6_IRQHandler
                0x0000000008001400                RTC_Alarm_IRQHandler
 *fill*         0x0000000008001402        0x2 
 .text.HAL_Init
                0x0000000008001404       0x44 ./Drivers/STM32F4xx_HAL_Driver/Src/stm32f4xx_hal.o
                0x0000000008001404                HAL_Init
 .text.HAL_IncTick
                0x0000000008001448       0x28 ./Drivers/STM32F4xx_HAL_Driver/Src/stm32f4xx_hal.o
                0x0000000008001448                HAL_IncTick
 .text.HAL_GetTick
                0x0000000008001470       0x18 ./Drivers/STM32F4xx_HAL_Driver/Src/stm32f4xx_hal.o
                0x0000000008001470                HAL_GetTick
 .text.HAL_Delay
                0x0000000008001488       0x48 ./Drivers/STM32F4xx_HAL_Driver/Src/stm32f4xx_hal.o
                0x0000000008001488                HAL_Delay
 .text.HAL_ADC_Init
                0x00000000080014d0      0x2bc ./Drivers/STM32F4xx_HAL_Driver/Src/stm32f4xx_hal_adc.o
                0x00000000080014d0                HAL_ADC_Init
 .text.HAL_ADC_Start
                0x000000000800178c      0x1b0 ./Drivers/STM32F4xx_HAL_Driver/Src/stm32f4xx_hal_adc.o
                0x000000000800178c                HAL_ADC_Start
 .text.HAL_ADC_ConfigChannel
                0x000000000800193c      0x2ec ./Drivers/STM32F4xx_HAL_Driver/Src/stm32f4xx_hal_adc.o
                0x000000000800193c                HAL_ADC_ConfigChannel
 .text.ADC_Init
                0x0000000008001c28      0x214 ./Drivers/STM32F4xx_HAL_Driver/Src/stm32f4xx_hal_adc.o
 .text.__NVIC_SetPriorityGrouping
                0x0000000008001e3c       0x48 ./Drivers/STM32F4xx_HAL_Driver/Src/stm32f4xx_hal_cortex.o
 .text.__NVIC_GetPriorityGrouping
                0x0000000008001e84       0x1c ./Drivers/STM32F4xx_HAL_Driver/Src/stm32f4xx_hal_cortex.o
 .text.__NVIC_EnableIRQ
                0x0000000008001ea0       0x3c ./Drivers/STM32F4xx_HAL_Driver/Src/stm32f4xx_hal_cortex.o
 .text.__NVIC_SetPriority
                0x0000000008001edc       0x54 ./Drivers/STM32F4xx_HAL_Driver/Src/stm32f4xx_hal_cortex.o
 .text.NVIC_EncodePriority
                0x0000000008001f30       0x66 ./Drivers/STM32F4xx_HAL_Driver/Src/stm32f4xx_hal_cortex.o
 *fill*         0x0000000008001f96        0x2 
 .text.HAL_NVIC_SetPriorityGrouping
                0x0000000008001f98       0x40 ./Drivers/STM32F4xx_HAL_Driver/Src/stm32f4xx_hal_cortex.o
                0x0000000008001f98                HAL_NVIC_SetPriorityGrouping
 .text.HAL_NVIC_SetPriority
                0x0000000008001fd8       0x58 ./Drivers/STM32F4xx_HAL_Driver/Src/stm32f4xx_hal_cortex.o
                0x0000000008001fd8                HAL_NVIC_SetPriority
 .text.HAL_NVIC_EnableIRQ
                0x0000000008002030       0x30 ./Drivers/STM32F4xx_HAL_Driver/Src/stm32f4xx_hal_cortex.o
                0x0000000008002030                HAL_NVIC_EnableIRQ
 .text.HAL_GPIO_Init
                0x0000000008002060      0x534 ./Drivers/STM32F4xx_HAL_Driver/Src/stm32f4xx_hal_gpio.o
                0x0000000008002060                HAL_GPIO_Init
 .text.HAL_GPIO_WritePin
                0x0000000008002594       0x64 ./Drivers/STM32F4xx_HAL_Driver/Src/stm32f4xx_hal_gpio.o
                0x0000000008002594                HAL_GPIO_WritePin
 .text.HAL_RCC_OscConfig
                0x00000000080025f8      0x650 ./Drivers/STM32F4xx_HAL_Driver/Src/stm32f4xx_hal_rcc.o
                0x00000000080025f8                HAL_RCC_OscConfig
 .text.HAL_RCC_ClockConfig
                0x0000000008002c48      0x31c ./Drivers/STM32F4xx_HAL_Driver/Src/stm32f4xx_hal_rcc.o
                0x0000000008002c48                HAL_RCC_ClockConfig
 .text.HAL_RCC_GetSysClockFreq
                0x0000000008002f64      0x20c ./Drivers/STM32F4xx_HAL_Driver/Src/stm32f4xx_hal_rcc.o
                0x0000000008002f64                HAL_RCC_GetSysClockFreq
 .text.HAL_RCC_GetHCLKFreq
                0x0000000008003170       0x18 ./Drivers/STM32F4xx_HAL_Driver/Src/stm32f4xx_hal_rcc.o
                0x0000000008003170                HAL_RCC_GetHCLKFreq
 .text.HAL_RCC_GetPCLK1Freq
                0x0000000008003188       0x28 ./Drivers/STM32F4xx_HAL_Driver/Src/stm32f4xx_hal_rcc.o
                0x0000000008003188                HAL_RCC_GetPCLK1Freq
 .text.HAL_RCC_GetPCLK2Freq
                0x00000000080031b0       0x28 ./Drivers/STM32F4xx_HAL_Driver/Src/stm32f4xx_hal_rcc.o
                0x00000000080031b0                HAL_RCC_GetPCLK2Freq
 .text.HAL_RCC_GetClockConfig
                0x00000000080031d8       0x64 ./Drivers/STM32F4xx_HAL_Driver/Src/stm32f4xx_hal_rcc.o
                0x00000000080031d8                HAL_RCC_GetClockConfig
 .text.HAL_SPI_Init
                0x000000000800323c      0x338 ./Drivers/STM32F4xx_HAL_Driver/Src/stm32f4xx_hal_spi.o
                0x000000000800323c                HAL_SPI_Init
 .text.HAL_SPI_Transmit
                0x0000000008003574      0x298 ./Drivers/STM32F4xx_HAL_Driver/Src/stm32f4xx_hal_spi.o
                0x0000000008003574                HAL_SPI_Transmit
 .text.HAL_SPI_Receive
                0x000000000800380c      0x222 ./Drivers/STM32F4xx_HAL_Driver/Src/stm32f4xx_hal_spi.o
                0x000000000800380c                HAL_SPI_Receive
 *fill*         0x0000000008003a2e        0x2 
 .text.HAL_SPI_TransmitReceive
                0x0000000008003a30      0x35c ./Drivers/STM32F4xx_HAL_Driver/Src/stm32f4xx_hal_spi.o
                0x0000000008003a30                HAL_SPI_TransmitReceive
 .text.HAL_SPI_GetState
                0x0000000008003d8c       0x1c ./Drivers/STM32F4xx_HAL_Driver/Src/stm32f4xx_hal_spi.o
                0x0000000008003d8c                HAL_SPI_GetState
 .text.SPI_WaitFlagStateUntilTimeout
                0x0000000008003da8      0x110 ./Drivers/STM32F4xx_HAL_Driver/Src/stm32f4xx_hal_spi.o
 .text.SPI_EndRxTransaction
                0x0000000008003eb8       0xca ./Drivers/STM32F4xx_HAL_Driver/Src/stm32f4xx_hal_spi.o
 *fill*         0x0000000008003f82        0x2 
 .text.SPI_EndRxTxTransaction
                0x0000000008003f84       0x84 ./Drivers/STM32F4xx_HAL_Driver/Src/stm32f4xx_hal_spi.o
 .text.HAL_TIM_Base_Init
                0x0000000008004008      0x18c ./Drivers/STM32F4xx_HAL_Driver/Src/stm32f4xx_hal_tim.o
                0x0000000008004008                HAL_TIM_Base_Init
 .text.HAL_TIM_Base_MspInit
                0x0000000008004194       0x14 ./Drivers/STM32F4xx_HAL_Driver/Src/stm32f4xx_hal_tim.o
                0x0000000008004194                HAL_TIM_Base_MspInit
 .text.HAL_TIM_Base_Start_IT
                0x00000000080041a8      0x124 ./Drivers/STM32F4xx_HAL_Driver/Src/stm32f4xx_hal_tim.o
                0x00000000080041a8                HAL_TIM_Base_Start_IT
 .text.HAL_TIM_IRQHandler
                0x00000000080042cc      0x210 ./Drivers/STM32F4xx_HAL_Driver/Src/stm32f4xx_hal_tim.o
                0x00000000080042cc                HAL_TIM_IRQHandler
 .text.HAL_TIM_OC_DelayElapsedCallback
                0x00000000080044dc       0x14 ./Drivers/STM32F4xx_HAL_Driver/Src/stm32f4xx_hal_tim.o
                0x00000000080044dc                HAL_TIM_OC_DelayElapsedCallback
 .text.HAL_TIM_IC_CaptureCallback
                0x00000000080044f0       0x14 ./Drivers/STM32F4xx_HAL_Driver/Src/stm32f4xx_hal_tim.o
                0x00000000080044f0                HAL_TIM_IC_CaptureCallback
 .text.HAL_TIM_PWM_PulseFinishedCallback
                0x0000000008004504       0x14 ./Drivers/STM32F4xx_HAL_Driver/Src/stm32f4xx_hal_tim.o
                0x0000000008004504                HAL_TIM_PWM_PulseFinishedCallback
 .text.HAL_TIM_TriggerCallback
                0x0000000008004518       0x14 ./Drivers/STM32F4xx_HAL_Driver/Src/stm32f4xx_hal_tim.o
                0x0000000008004518                HAL_TIM_TriggerCallback
 .text.TIM_Base_SetConfig
                0x000000000800452c      0x100 ./Drivers/STM32F4xx_HAL_Driver/Src/stm32f4xx_hal_tim.o
                0x000000000800452c                TIM_Base_SetConfig
 .text.HAL_TIMEx_CommutCallback
                0x000000000800462c       0x14 ./Drivers/STM32F4xx_HAL_Driver/Src/stm32f4xx_hal_tim_ex.o
                0x000000000800462c                HAL_TIMEx_CommutCallback
 .text.HAL_TIMEx_BreakCallback
                0x0000000008004640       0x14 ./Drivers/STM32F4xx_HAL_Driver/Src/stm32f4xx_hal_tim_ex.o
                0x0000000008004640                HAL_TIMEx_BreakCallback
 .text.HAL_UART_Init
                0x0000000008004654      0x16c ./Drivers/STM32F4xx_HAL_Driver/Src/stm32f4xx_hal_uart.o
                0x0000000008004654                HAL_UART_Init
 .text.HAL_UART_Transmit
                0x00000000080047c0      0x124 ./Drivers/STM32F4xx_HAL_Driver/Src/stm32f4xx_hal_uart.o
                0x00000000080047c0                HAL_UART_Transmit
 .text.UART_WaitOnFlagUntilTimeout
                0x00000000080048e4       0xdc ./Drivers/STM32F4xx_HAL_Driver/Src/stm32f4xx_hal_uart.o
 .text.UART_SetConfig
                0x00000000080049c0      0x574 ./Drivers/STM32F4xx_HAL_Driver/Src/stm32f4xx_hal_uart.o
 .text.__libc_init_array
                0x0000000008004f34       0x48 /Applications/STM32CubeIDE.app/Contents/Eclipse/plugins/com.st.stm32cube.ide.mcu.externaltools.gnu-tools-for-stm32.10.3-2021.10.macos64_1.0.0.202111181127/tools/bin/../lib/gcc/arm-none-eabi/10.3.1/../../../../arm-none-eabi/lib/thumb/v7e-m+fp/hard/libc_nano.a(lib_a-init.o)
                0x0000000008004f34                __libc_init_array
 .text.memset   0x0000000008004f7c       0x10 /Applications/STM32CubeIDE.app/Contents/Eclipse/plugins/com.st.stm32cube.ide.mcu.externaltools.gnu-tools-for-stm32.10.3-2021.10.macos64_1.0.0.202111181127/tools/bin/../lib/gcc/arm-none-eabi/10.3.1/../../../../arm-none-eabi/lib/thumb/v7e-m+fp/hard/libc_nano.a(lib_a-memset.o)
                0x0000000008004f7c                memset
 *(.glue_7)
 .glue_7        0x0000000008004f8c        0x0 linker stubs
 *(.glue_7t)
 .glue_7t       0x0000000008004f8c        0x0 linker stubs
 *(.eh_frame)
 .eh_frame      0x0000000008004f8c        0x0 /Applications/STM32CubeIDE.app/Contents/Eclipse/plugins/com.st.stm32cube.ide.mcu.externaltools.gnu-tools-for-stm32.10.3-2021.10.macos64_1.0.0.202111181127/tools/bin/../lib/gcc/arm-none-eabi/10.3.1/thumb/v7e-m+fp/hard/crtbegin.o
 *(.init)
 .init          0x0000000008004f8c        0x4 /Applications/STM32CubeIDE.app/Contents/Eclipse/plugins/com.st.stm32cube.ide.mcu.externaltools.gnu-tools-for-stm32.10.3-2021.10.macos64_1.0.0.202111181127/tools/bin/../lib/gcc/arm-none-eabi/10.3.1/thumb/v7e-m+fp/hard/crti.o
                0x0000000008004f8c                _init
 .init          0x0000000008004f90        0x8 /Applications/STM32CubeIDE.app/Contents/Eclipse/plugins/com.st.stm32cube.ide.mcu.externaltools.gnu-tools-for-stm32.10.3-2021.10.macos64_1.0.0.202111181127/tools/bin/../lib/gcc/arm-none-eabi/10.3.1/thumb/v7e-m+fp/hard/crtn.o
 *(.fini)
 .fini          0x0000000008004f98        0x4 /Applications/STM32CubeIDE.app/Contents/Eclipse/plugins/com.st.stm32cube.ide.mcu.externaltools.gnu-tools-for-stm32.10.3-2021.10.macos64_1.0.0.202111181127/tools/bin/../lib/gcc/arm-none-eabi/10.3.1/thumb/v7e-m+fp/hard/crti.o
                0x0000000008004f98                _fini
 .fini          0x0000000008004f9c        0x8 /Applications/STM32CubeIDE.app/Contents/Eclipse/plugins/com.st.stm32cube.ide.mcu.externaltools.gnu-tools-for-stm32.10.3-2021.10.macos64_1.0.0.202111181127/tools/bin/../lib/gcc/arm-none-eabi/10.3.1/thumb/v7e-m+fp/hard/crtn.o
                0x0000000008004fa4                . = ALIGN (0x4)
                0x0000000008004fa4                _etext = .

.vfp11_veneer   0x0000000008004fa4        0x0
 .vfp11_veneer  0x0000000008004fa4        0x0 linker stubs

.v4_bx          0x0000000008004fa4        0x0
 .v4_bx         0x0000000008004fa4        0x0 linker stubs

.iplt           0x0000000008004fa4        0x0
 .iplt          0x0000000008004fa4        0x0 /Applications/STM32CubeIDE.app/Contents/Eclipse/plugins/com.st.stm32cube.ide.mcu.externaltools.gnu-tools-for-stm32.10.3-2021.10.macos64_1.0.0.202111181127/tools/bin/../lib/gcc/arm-none-eabi/10.3.1/thumb/v7e-m+fp/hard/crtbegin.o

.rodata         0x0000000008004fa4      0x1ac
                0x0000000008004fa4                . = ALIGN (0x4)
 *(.rodata)
 .rodata        0x0000000008004fa4       0x38 ./Drivers/STM32F4xx_HAL_Driver/Src/stm32f4xx_hal_adc.o
 .rodata        0x0000000008004fdc       0x3b ./Drivers/STM32F4xx_HAL_Driver/Src/stm32f4xx_hal_cortex.o
 *fill*         0x0000000008005017        0x1 
 .rodata        0x0000000008005018       0x39 ./Drivers/STM32F4xx_HAL_Driver/Src/stm32f4xx_hal_gpio.o
 *fill*         0x0000000008005051        0x3 
 .rodata        0x0000000008005054       0x38 ./Drivers/STM32F4xx_HAL_Driver/Src/stm32f4xx_hal_rcc.o
 .rodata        0x000000000800508c       0x38 ./Drivers/STM32F4xx_HAL_Driver/Src/stm32f4xx_hal_spi.o
 .rodata        0x00000000080050c4       0x38 ./Drivers/STM32F4xx_HAL_Driver/Src/stm32f4xx_hal_tim.o
 .rodata        0x00000000080050fc       0x39 ./Drivers/STM32F4xx_HAL_Driver/Src/stm32f4xx_hal_uart.o
 *(.rodata*)
 *fill*         0x0000000008005135        0x3 
 .rodata.AHBPrescTable
                0x0000000008005138       0x10 ./Core/Src/system_stm32f4xx.o
                0x0000000008005138                AHBPrescTable
 .rodata.APBPrescTable
                0x0000000008005148        0x8 ./Core/Src/system_stm32f4xx.o
                0x0000000008005148                APBPrescTable
                0x0000000008005150                . = ALIGN (0x4)

.ARM.extab      0x0000000008005150        0x0
                0x0000000008005150                . = ALIGN (0x4)
 *(.ARM.extab* .gnu.linkonce.armextab.*)
                0x0000000008005150                . = ALIGN (0x4)

.ARM            0x0000000008005150        0x8
                0x0000000008005150                . = ALIGN (0x4)
                0x0000000008005150                __exidx_start = .
 *(.ARM.exidx*)
 .ARM.exidx     0x0000000008005150        0x8 /Applications/STM32CubeIDE.app/Contents/Eclipse/plugins/com.st.stm32cube.ide.mcu.externaltools.gnu-tools-for-stm32.10.3-2021.10.macos64_1.0.0.202111181127/tools/bin/../lib/gcc/arm-none-eabi/10.3.1/thumb/v7e-m+fp/hard/libgcc.a(_udivmoddi4.o)
                0x0000000008005158                __exidx_end = .
                0x0000000008005158                . = ALIGN (0x4)

.rel.dyn        0x0000000008005158        0x0
 .rel.iplt      0x0000000008005158        0x0 /Applications/STM32CubeIDE.app/Contents/Eclipse/plugins/com.st.stm32cube.ide.mcu.externaltools.gnu-tools-for-stm32.10.3-2021.10.macos64_1.0.0.202111181127/tools/bin/../lib/gcc/arm-none-eabi/10.3.1/thumb/v7e-m+fp/hard/crtbegin.o

.preinit_array  0x0000000008005158        0x0
                0x0000000008005158                . = ALIGN (0x4)
                0x0000000008005158                PROVIDE (__preinit_array_start = .)
 *(.preinit_array*)
                0x0000000008005158                PROVIDE (__preinit_array_end = .)
                0x0000000008005158                . = ALIGN (0x4)

.init_array     0x0000000008005158        0x4
                0x0000000008005158                . = ALIGN (0x4)
                0x0000000008005158                PROVIDE (__init_array_start = .)
 *(SORT_BY_NAME(.init_array.*))
 *(.init_array*)
 .init_array    0x0000000008005158        0x4 /Applications/STM32CubeIDE.app/Contents/Eclipse/plugins/com.st.stm32cube.ide.mcu.externaltools.gnu-tools-for-stm32.10.3-2021.10.macos64_1.0.0.202111181127/tools/bin/../lib/gcc/arm-none-eabi/10.3.1/thumb/v7e-m+fp/hard/crtbegin.o
                0x000000000800515c                PROVIDE (__init_array_end = .)
                0x000000000800515c                . = ALIGN (0x4)

.fini_array     0x000000000800515c        0x4
                0x000000000800515c                . = ALIGN (0x4)
                [!provide]                        PROVIDE (__fini_array_start = .)
 *(SORT_BY_NAME(.fini_array.*))
 *(.fini_array*)
 .fini_array    0x000000000800515c        0x4 /Applications/STM32CubeIDE.app/Contents/Eclipse/plugins/com.st.stm32cube.ide.mcu.externaltools.gnu-tools-for-stm32.10.3-2021.10.macos64_1.0.0.202111181127/tools/bin/../lib/gcc/arm-none-eabi/10.3.1/thumb/v7e-m+fp/hard/crtbegin.o
                [!provide]                        PROVIDE (__fini_array_end = .)
                0x0000000008005160                . = ALIGN (0x4)
                0x0000000008005160                _sidata = LOADADDR (.data)

.data           0x0000000020000000        0xc load address 0x0000000008005160
                0x0000000020000000                . = ALIGN (0x4)
                0x0000000020000000                _sdata = .
 *(.data)
 *(.data*)
 .data.SystemCoreClock
                0x0000000020000000        0x4 ./Core/Src/system_stm32f4xx.o
                0x0000000020000000                SystemCoreClock
 .data.uwTickPrio
                0x0000000020000004        0x4 ./Drivers/STM32F4xx_HAL_Driver/Src/stm32f4xx_hal.o
                0x0000000020000004                uwTickPrio
 .data.uwTickFreq
                0x0000000020000008        0x1 ./Drivers/STM32F4xx_HAL_Driver/Src/stm32f4xx_hal.o
                0x0000000020000008                uwTickFreq
 *(.RamFunc)
 *(.RamFunc*)
                0x000000002000000c                . = ALIGN (0x4)
 *fill*         0x0000000020000009        0x3 
                0x000000002000000c                _edata = .

.igot.plt       0x000000002000000c        0x0 load address 0x000000000800516c
 .igot.plt      0x000000002000000c        0x0 /Applications/STM32CubeIDE.app/Contents/Eclipse/plugins/com.st.stm32cube.ide.mcu.externaltools.gnu-tools-for-stm32.10.3-2021.10.macos64_1.0.0.202111181127/tools/bin/../lib/gcc/arm-none-eabi/10.3.1/thumb/v7e-m+fp/hard/crtbegin.o
                0x000000002000000c                . = ALIGN (0x4)

.bss            0x000000002000000c      0x178 load address 0x000000000800516c
                0x000000002000000c                _sbss = .
                0x000000002000000c                __bss_start__ = _sbss
 *(.bss)
 .bss           0x000000002000000c       0x1c /Applications/STM32CubeIDE.app/Contents/Eclipse/plugins/com.st.stm32cube.ide.mcu.externaltools.gnu-tools-for-stm32.10.3-2021.10.macos64_1.0.0.202111181127/tools/bin/../lib/gcc/arm-none-eabi/10.3.1/thumb/v7e-m+fp/hard/crtbegin.o
 *(.bss*)
 .bss.hadc1     0x0000000020000028       0x48 ./Core/Src/adc.o
                0x0000000020000028                hadc1
 .bss.myLoRa    0x0000000020000070       0x2c ./Core/Src/main.o
                0x0000000020000070                myLoRa
 .bss.hspi1     0x000000002000009c       0x58 ./Core/Src/spi.o
                0x000000002000009c                hspi1
 .bss.htim1     0x00000000200000f4       0x48 ./Core/Src/stm32f4xx_hal_timebase_tim.o
                0x00000000200000f4                htim1
 .bss.huart2    0x000000002000013c       0x44 ./Core/Src/usart.o
                0x000000002000013c                huart2
 .bss.uwTick    0x0000000020000180        0x4 ./Drivers/STM32F4xx_HAL_Driver/Src/stm32f4xx_hal.o
                0x0000000020000180                uwTick
 *(COMMON)
                0x0000000020000184                . = ALIGN (0x4)
                0x0000000020000184                _ebss = .
                0x0000000020000184                __bss_end__ = _ebss

._user_heap_stack
                0x0000000020000184      0x604 load address 0x000000000800516c
                0x0000000020000188                . = ALIGN (0x8)
 *fill*         0x0000000020000184        0x4 
                [!provide]                        PROVIDE (end = .)
                0x0000000020000188                PROVIDE (_end = .)
                0x0000000020000388                . = (. + _Min_Heap_Size)
 *fill*         0x0000000020000188      0x200 
                0x0000000020000788                . = (. + _Min_Stack_Size)
 *fill*         0x0000000020000388      0x400 
                0x0000000020000788                . = ALIGN (0x8)

/DISCARD/
 libc.a(*)
 libm.a(*)
 libgcc.a(*)

.ARM.attributes
                0x0000000000000000       0x30
 *(.ARM.attributes)
 .ARM.attributes
                0x0000000000000000       0x1e /Applications/STM32CubeIDE.app/Contents/Eclipse/plugins/com.st.stm32cube.ide.mcu.externaltools.gnu-tools-for-stm32.10.3-2021.10.macos64_1.0.0.202111181127/tools/bin/../lib/gcc/arm-none-eabi/10.3.1/thumb/v7e-m+fp/hard/crti.o
 .ARM.attributes
                0x000000000000001e       0x34 /Applications/STM32CubeIDE.app/Contents/Eclipse/plugins/com.st.stm32cube.ide.mcu.externaltools.gnu-tools-for-stm32.10.3-2021.10.macos64_1.0.0.202111181127/tools/bin/../lib/gcc/arm-none-eabi/10.3.1/thumb/v7e-m+fp/hard/crtbegin.o
 .ARM.attributes
                0x0000000000000052       0x34 ./Core/Src/LoRa.o
 .ARM.attributes
                0x0000000000000086       0x34 ./Core/Src/adc.o
 .ARM.attributes
                0x00000000000000ba       0x34 ./Core/Src/gpio.o
 .ARM.attributes
                0x00000000000000ee       0x34 ./Core/Src/main.o
 .ARM.attributes
                0x0000000000000122       0x34 ./Core/Src/spi.o
 .ARM.attributes
                0x0000000000000156       0x34 ./Core/Src/stm32f4xx_hal_msp.o
 .ARM.attributes
                0x000000000000018a       0x34 ./Core/Src/stm32f4xx_hal_timebase_tim.o
 .ARM.attributes
                0x00000000000001be       0x34 ./Core/Src/stm32f4xx_it.o
 .ARM.attributes
                0x00000000000001f2       0x34 ./Core/Src/system_stm32f4xx.o
 .ARM.attributes
                0x0000000000000226       0x34 ./Core/Src/usart.o
 .ARM.attributes
                0x000000000000025a       0x21 ./Core/Startup/startup_stm32f411vetx.o
 .ARM.attributes
                0x000000000000027b       0x34 ./Drivers/STM32F4xx_HAL_Driver/Src/stm32f4xx_hal.o
 .ARM.attributes
                0x00000000000002af       0x34 ./Drivers/STM32F4xx_HAL_Driver/Src/stm32f4xx_hal_adc.o
 .ARM.attributes
                0x00000000000002e3       0x34 ./Drivers/STM32F4xx_HAL_Driver/Src/stm32f4xx_hal_cortex.o
 .ARM.attributes
                0x0000000000000317       0x34 ./Drivers/STM32F4xx_HAL_Driver/Src/stm32f4xx_hal_gpio.o
 .ARM.attributes
                0x000000000000034b       0x34 ./Drivers/STM32F4xx_HAL_Driver/Src/stm32f4xx_hal_rcc.o
 .ARM.attributes
                0x000000000000037f       0x34 ./Drivers/STM32F4xx_HAL_Driver/Src/stm32f4xx_hal_spi.o
 .ARM.attributes
                0x00000000000003b3       0x34 ./Drivers/STM32F4xx_HAL_Driver/Src/stm32f4xx_hal_tim.o
 .ARM.attributes
                0x00000000000003e7       0x34 ./Drivers/STM32F4xx_HAL_Driver/Src/stm32f4xx_hal_tim_ex.o
 .ARM.attributes
                0x000000000000041b       0x34 ./Drivers/STM32F4xx_HAL_Driver/Src/stm32f4xx_hal_uart.o
 .ARM.attributes
                0x000000000000044f       0x34 /Applications/STM32CubeIDE.app/Contents/Eclipse/plugins/com.st.stm32cube.ide.mcu.externaltools.gnu-tools-for-stm32.10.3-2021.10.macos64_1.0.0.202111181127/tools/bin/../lib/gcc/arm-none-eabi/10.3.1/../../../../arm-none-eabi/lib/thumb/v7e-m+fp/hard/libc_nano.a(lib_a-init.o)
 .ARM.attributes
                0x0000000000000483       0x34 /Applications/STM32CubeIDE.app/Contents/Eclipse/plugins/com.st.stm32cube.ide.mcu.externaltools.gnu-tools-for-stm32.10.3-2021.10.macos64_1.0.0.202111181127/tools/bin/../lib/gcc/arm-none-eabi/10.3.1/../../../../arm-none-eabi/lib/thumb/v7e-m+fp/hard/libc_nano.a(lib_a-memset.o)
 .ARM.attributes
                0x00000000000004b7       0x1e /Applications/STM32CubeIDE.app/Contents/Eclipse/plugins/com.st.stm32cube.ide.mcu.externaltools.gnu-tools-for-stm32.10.3-2021.10.macos64_1.0.0.202111181127/tools/bin/../lib/gcc/arm-none-eabi/10.3.1/thumb/v7e-m+fp/hard/libgcc.a(_aeabi_uldivmod.o)
 .ARM.attributes
                0x00000000000004d5       0x34 /Applications/STM32CubeIDE.app/Contents/Eclipse/plugins/com.st.stm32cube.ide.mcu.externaltools.gnu-tools-for-stm32.10.3-2021.10.macos64_1.0.0.202111181127/tools/bin/../lib/gcc/arm-none-eabi/10.3.1/thumb/v7e-m+fp/hard/libgcc.a(_udivmoddi4.o)
 .ARM.attributes
                0x0000000000000509       0x1e /Applications/STM32CubeIDE.app/Contents/Eclipse/plugins/com.st.stm32cube.ide.mcu.externaltools.gnu-tools-for-stm32.10.3-2021.10.macos64_1.0.0.202111181127/tools/bin/../lib/gcc/arm-none-eabi/10.3.1/thumb/v7e-m+fp/hard/libgcc.a(_dvmd_tls.o)
 .ARM.attributes
                0x0000000000000527       0x1e /Applications/STM32CubeIDE.app/Contents/Eclipse/plugins/com.st.stm32cube.ide.mcu.externaltools.gnu-tools-for-stm32.10.3-2021.10.macos64_1.0.0.202111181127/tools/bin/../lib/gcc/arm-none-eabi/10.3.1/thumb/v7e-m+fp/hard/crtn.o
OUTPUT(lora1.elf elf32-littlearm)
LOAD linker stubs
LOAD /Applications/STM32CubeIDE.app/Contents/Eclipse/plugins/com.st.stm32cube.ide.mcu.externaltools.gnu-tools-for-stm32.10.3-2021.10.macos64_1.0.0.202111181127/tools/bin/../lib/gcc/arm-none-eabi/10.3.1/../../../../arm-none-eabi/lib/thumb/v7e-m+fp/hard/libc.a
LOAD /Applications/STM32CubeIDE.app/Contents/Eclipse/plugins/com.st.stm32cube.ide.mcu.externaltools.gnu-tools-for-stm32.10.3-2021.10.macos64_1.0.0.202111181127/tools/bin/../lib/gcc/arm-none-eabi/10.3.1/../../../../arm-none-eabi/lib/thumb/v7e-m+fp/hard/libm.a
LOAD /Applications/STM32CubeIDE.app/Contents/Eclipse/plugins/com.st.stm32cube.ide.mcu.externaltools.gnu-tools-for-stm32.10.3-2021.10.macos64_1.0.0.202111181127/tools/bin/../lib/gcc/arm-none-eabi/10.3.1/thumb/v7e-m+fp/hard/libgcc.a

.debug_info     0x0000000000000000    0x123b1
 .debug_info    0x0000000000000000      0xe47 ./Core/Src/LoRa.o
 .debug_info    0x0000000000000e47      0xa4d ./Core/Src/adc.o
 .debug_info    0x0000000000001894      0x4ba ./Core/Src/gpio.o
 .debug_info    0x0000000000001d4e     0x1623 ./Core/Src/main.o
 .debug_info    0x0000000000003371      0xa0f ./Core/Src/spi.o
 .debug_info    0x0000000000003d80      0x2e7 ./Core/Src/stm32f4xx_hal_msp.o
 .debug_info    0x0000000000004067      0xbd0 ./Core/Src/stm32f4xx_hal_timebase_tim.o
 .debug_info    0x0000000000004c37      0x726 ./Core/Src/stm32f4xx_it.o
 .debug_info    0x000000000000535d      0x54f ./Core/Src/system_stm32f4xx.o
 .debug_info    0x00000000000058ac      0x9c4 ./Core/Src/usart.o
 .debug_info    0x0000000000006270       0x22 ./Core/Startup/startup_stm32f411vetx.o
 .debug_info    0x0000000000006292      0x943 ./Drivers/STM32F4xx_HAL_Driver/Src/stm32f4xx_hal.o
 .debug_info    0x0000000000006bd5      0xd96 ./Drivers/STM32F4xx_HAL_Driver/Src/stm32f4xx_hal_adc.o
 .debug_info    0x000000000000796b      0xdc1 ./Drivers/STM32F4xx_HAL_Driver/Src/stm32f4xx_hal_cortex.o
 .debug_info    0x000000000000872c      0x7ac ./Drivers/STM32F4xx_HAL_Driver/Src/stm32f4xx_hal_gpio.o
 .debug_info    0x0000000000008ed8      0x9ab ./Drivers/STM32F4xx_HAL_Driver/Src/stm32f4xx_hal_rcc.o
 .debug_info    0x0000000000009883     0x1768 ./Drivers/STM32F4xx_HAL_Driver/Src/stm32f4xx_hal_spi.o
 .debug_info    0x000000000000afeb     0x2bec ./Drivers/STM32F4xx_HAL_Driver/Src/stm32f4xx_hal_tim.o
 .debug_info    0x000000000000dbd7     0x160e ./Drivers/STM32F4xx_HAL_Driver/Src/stm32f4xx_hal_tim_ex.o
 .debug_info    0x000000000000f1e5     0x31cc ./Drivers/STM32F4xx_HAL_Driver/Src/stm32f4xx_hal_uart.o

.debug_abbrev   0x0000000000000000     0x27f8
 .debug_abbrev  0x0000000000000000      0x25a ./Core/Src/LoRa.o
 .debug_abbrev  0x000000000000025a      0x1e0 ./Core/Src/adc.o
 .debug_abbrev  0x000000000000043a      0x146 ./Core/Src/gpio.o
 .debug_abbrev  0x0000000000000580      0x28c ./Core/Src/main.o
 .debug_abbrev  0x000000000000080c      0x1e0 ./Core/Src/spi.o
 .debug_abbrev  0x00000000000009ec       0xf0 ./Core/Src/stm32f4xx_hal_msp.o
 .debug_abbrev  0x0000000000000adc      0x1f7 ./Core/Src/stm32f4xx_hal_timebase_tim.o
 .debug_abbrev  0x0000000000000cd3      0x182 ./Core/Src/stm32f4xx_it.o
 .debug_abbrev  0x0000000000000e55      0x116 ./Core/Src/system_stm32f4xx.o
 .debug_abbrev  0x0000000000000f6b      0x1e7 ./Core/Src/usart.o
 .debug_abbrev  0x0000000000001152       0x12 ./Core/Startup/startup_stm32f411vetx.o
 .debug_abbrev  0x0000000000001164      0x247 ./Drivers/STM32F4xx_HAL_Driver/Src/stm32f4xx_hal.o
 .debug_abbrev  0x00000000000013ab      0x1fb ./Drivers/STM32F4xx_HAL_Driver/Src/stm32f4xx_hal_adc.o
 .debug_abbrev  0x00000000000015a6      0x332 ./Drivers/STM32F4xx_HAL_Driver/Src/stm32f4xx_hal_cortex.o
 .debug_abbrev  0x00000000000018d8      0x1e0 ./Drivers/STM32F4xx_HAL_Driver/Src/stm32f4xx_hal_gpio.o
 .debug_abbrev  0x0000000000001ab8      0x2bf ./Drivers/STM32F4xx_HAL_Driver/Src/stm32f4xx_hal_rcc.o
 .debug_abbrev  0x0000000000001d77      0x283 ./Drivers/STM32F4xx_HAL_Driver/Src/stm32f4xx_hal_spi.o
 .debug_abbrev  0x0000000000001ffa      0x26e ./Drivers/STM32F4xx_HAL_Driver/Src/stm32f4xx_hal_tim.o
 .debug_abbrev  0x0000000000002268      0x276 ./Drivers/STM32F4xx_HAL_Driver/Src/stm32f4xx_hal_tim_ex.o
 .debug_abbrev  0x00000000000024de      0x31a ./Drivers/STM32F4xx_HAL_Driver/Src/stm32f4xx_hal_uart.o

.debug_aranges  0x0000000000000000      0xf88
 .debug_aranges
                0x0000000000000000       0xb0 ./Core/Src/LoRa.o
 .debug_aranges
                0x00000000000000b0       0x30 ./Core/Src/adc.o
 .debug_aranges
                0x00000000000000e0       0x20 ./Core/Src/gpio.o
 .debug_aranges
                0x0000000000000100       0x48 ./Core/Src/main.o
 .debug_aranges
                0x0000000000000148       0x30 ./Core/Src/spi.o
 .debug_aranges
                0x0000000000000178       0x20 ./Core/Src/stm32f4xx_hal_msp.o
 .debug_aranges
                0x0000000000000198       0x30 ./Core/Src/stm32f4xx_hal_timebase_tim.o
 .debug_aranges
                0x00000000000001c8       0x68 ./Core/Src/stm32f4xx_it.o
 .debug_aranges
                0x0000000000000230       0x28 ./Core/Src/system_stm32f4xx.o
 .debug_aranges
                0x0000000000000258       0x30 ./Core/Src/usart.o
 .debug_aranges
                0x0000000000000288       0x28 ./Core/Startup/startup_stm32f411vetx.o
 .debug_aranges
                0x00000000000002b0       0xf0 ./Drivers/STM32F4xx_HAL_Driver/Src/stm32f4xx_hal.o
 .debug_aranges
                0x00000000000003a0       0xe8 ./Drivers/STM32F4xx_HAL_Driver/Src/stm32f4xx_hal_adc.o
 .debug_aranges
                0x0000000000000488      0x118 ./Drivers/STM32F4xx_HAL_Driver/Src/stm32f4xx_hal_cortex.o
 .debug_aranges
                0x00000000000005a0       0x58 ./Drivers/STM32F4xx_HAL_Driver/Src/stm32f4xx_hal_gpio.o
 .debug_aranges
                0x00000000000005f8       0x88 ./Drivers/STM32F4xx_HAL_Driver/Src/stm32f4xx_hal_rcc.o
 .debug_aranges
                0x0000000000000680      0x1d0 ./Drivers/STM32F4xx_HAL_Driver/Src/stm32f4xx_hal_spi.o
 .debug_aranges
                0x0000000000000850      0x3d0 ./Drivers/STM32F4xx_HAL_Driver/Src/stm32f4xx_hal_tim.o
 .debug_aranges
                0x0000000000000c20      0x168 ./Drivers/STM32F4xx_HAL_Driver/Src/stm32f4xx_hal_tim_ex.o
 .debug_aranges
                0x0000000000000d88      0x200 ./Drivers/STM32F4xx_HAL_Driver/Src/stm32f4xx_hal_uart.o

.debug_ranges   0x0000000000000000      0xe80
 .debug_ranges  0x0000000000000000       0xa0 ./Core/Src/LoRa.o
 .debug_ranges  0x00000000000000a0       0x20 ./Core/Src/adc.o
 .debug_ranges  0x00000000000000c0       0x10 ./Core/Src/gpio.o
 .debug_ranges  0x00000000000000d0       0x38 ./Core/Src/main.o
 .debug_ranges  0x0000000000000108       0x20 ./Core/Src/spi.o
 .debug_ranges  0x0000000000000128       0x10 ./Core/Src/stm32f4xx_hal_msp.o
 .debug_ranges  0x0000000000000138       0x20 ./Core/Src/stm32f4xx_hal_timebase_tim.o
 .debug_ranges  0x0000000000000158       0x58 ./Core/Src/stm32f4xx_it.o
 .debug_ranges  0x00000000000001b0       0x18 ./Core/Src/system_stm32f4xx.o
 .debug_ranges  0x00000000000001c8       0x20 ./Core/Src/usart.o
 .debug_ranges  0x00000000000001e8       0x20 ./Core/Startup/startup_stm32f411vetx.o
 .debug_ranges  0x0000000000000208       0xe0 ./Drivers/STM32F4xx_HAL_Driver/Src/stm32f4xx_hal.o
 .debug_ranges  0x00000000000002e8       0xd8 ./Drivers/STM32F4xx_HAL_Driver/Src/stm32f4xx_hal_adc.o
 .debug_ranges  0x00000000000003c0      0x108 ./Drivers/STM32F4xx_HAL_Driver/Src/stm32f4xx_hal_cortex.o
 .debug_ranges  0x00000000000004c8       0x48 ./Drivers/STM32F4xx_HAL_Driver/Src/stm32f4xx_hal_gpio.o
 .debug_ranges  0x0000000000000510       0x78 ./Drivers/STM32F4xx_HAL_Driver/Src/stm32f4xx_hal_rcc.o
 .debug_ranges  0x0000000000000588      0x1c0 ./Drivers/STM32F4xx_HAL_Driver/Src/stm32f4xx_hal_spi.o
 .debug_ranges  0x0000000000000748      0x3c0 ./Drivers/STM32F4xx_HAL_Driver/Src/stm32f4xx_hal_tim.o
 .debug_ranges  0x0000000000000b08      0x158 ./Drivers/STM32F4xx_HAL_Driver/Src/stm32f4xx_hal_tim_ex.o
 .debug_ranges  0x0000000000000c60      0x220 ./Drivers/STM32F4xx_HAL_Driver/Src/stm32f4xx_hal_uart.o

.debug_macro    0x0000000000000000    0x18834
 .debug_macro   0x0000000000000000      0x218 ./Core/Src/LoRa.o
 .debug_macro   0x0000000000000218      0xa78 ./Core/Src/LoRa.o
 .debug_macro   0x0000000000000c90      0x2ae ./Core/Src/LoRa.o
 .debug_macro   0x0000000000000f3e       0x2e ./Core/Src/LoRa.o
 .debug_macro   0x0000000000000f6c       0x28 ./Core/Src/LoRa.o
 .debug_macro   0x0000000000000f94       0x22 ./Core/Src/LoRa.o
 .debug_macro   0x0000000000000fb6       0x8e ./Core/Src/LoRa.o
 .debug_macro   0x0000000000001044       0x51 ./Core/Src/LoRa.o
 .debug_macro   0x0000000000001095      0x103 ./Core/Src/LoRa.o
 .debug_macro   0x0000000000001198       0x6a ./Core/Src/LoRa.o
 .debug_macro   0x0000000000001202      0x1df ./Core/Src/LoRa.o
 .debug_macro   0x00000000000013e1       0x1c ./Core/Src/LoRa.o
 .debug_macro   0x00000000000013fd       0x22 ./Core/Src/LoRa.o
 .debug_macro   0x000000000000141f       0xd9 ./Core/Src/LoRa.o
 .debug_macro   0x00000000000014f8     0x102d ./Core/Src/LoRa.o
 .debug_macro   0x0000000000002525      0x11f ./Core/Src/LoRa.o
 .debug_macro   0x0000000000002644     0xb953 ./Core/Src/LoRa.o
 .debug_macro   0x000000000000df97       0x6d ./Core/Src/LoRa.o
 .debug_macro   0x000000000000e004     0x367e ./Core/Src/LoRa.o
 .debug_macro   0x0000000000011682      0x174 ./Core/Src/LoRa.o
 .debug_macro   0x00000000000117f6       0x5c ./Core/Src/LoRa.o
 .debug_macro   0x0000000000011852      0x447 ./Core/Src/LoRa.o
 .debug_macro   0x0000000000011c99      0x9fe ./Core/Src/LoRa.o
 .debug_macro   0x0000000000012697      0x115 ./Core/Src/LoRa.o
 .debug_macro   0x00000000000127ac      0x11b ./Core/Src/LoRa.o
 .debug_macro   0x00000000000128c7       0xa5 ./Core/Src/LoRa.o
 .debug_macro   0x000000000001296c      0x15f ./Core/Src/LoRa.o
 .debug_macro   0x0000000000012acb      0x287 ./Core/Src/LoRa.o
 .debug_macro   0x0000000000012d52       0x5f ./Core/Src/LoRa.o
 .debug_macro   0x0000000000012db1      0x236 ./Core/Src/LoRa.o
 .debug_macro   0x0000000000012fe7      0x9e1 ./Core/Src/LoRa.o
 .debug_macro   0x00000000000139c8      0x38b ./Core/Src/LoRa.o
 .debug_macro   0x0000000000013d53      0x17d ./Core/Src/LoRa.o
 .debug_macro   0x0000000000013ed0       0xf9 ./Core/Src/LoRa.o
 .debug_macro   0x0000000000013fc9      0x132 ./Core/Src/LoRa.o
 .debug_macro   0x00000000000140fb      0x264 ./Core/Src/LoRa.o
 .debug_macro   0x000000000001435f       0x2e ./Core/Src/LoRa.o
 .debug_macro   0x000000000001438d      0x11a ./Core/Src/LoRa.o
 .debug_macro   0x00000000000144a7       0x85 ./Core/Src/LoRa.o
 .debug_macro   0x000000000001452c       0x89 ./Core/Src/LoRa.o
 .debug_macro   0x00000000000145b5      0x225 ./Core/Src/LoRa.o
 .debug_macro   0x00000000000147da      0x8e6 ./Core/Src/LoRa.o
 .debug_macro   0x00000000000150c0       0x47 ./Core/Src/LoRa.o
 .debug_macro   0x0000000000015107      0x295 ./Core/Src/LoRa.o
 .debug_macro   0x000000000001539c      0x126 ./Core/Src/LoRa.o
 .debug_macro   0x00000000000154c2       0x28 ./Core/Src/LoRa.o
 .debug_macro   0x00000000000154ea      0x166 ./Core/Src/LoRa.o
 .debug_macro   0x0000000000015650      0x219 ./Core/Src/adc.o
 .debug_macro   0x0000000000015869      0x219 ./Core/Src/gpio.o
 .debug_macro   0x0000000000015a82      0x3d3 ./Core/Src/main.o
 .debug_macro   0x0000000000015e55       0x52 ./Core/Src/main.o
 .debug_macro   0x0000000000015ea7       0x1e ./Core/Src/main.o
 .debug_macro   0x0000000000015ec5       0x3c ./Core/Src/main.o
 .debug_macro   0x0000000000015f01       0x34 ./Core/Src/main.o
 .debug_macro   0x0000000000015f35       0x16 ./Core/Src/main.o
 .debug_macro   0x0000000000015f4b       0x35 ./Core/Src/main.o
 .debug_macro   0x0000000000015f80      0x341 ./Core/Src/main.o
 .debug_macro   0x00000000000162c1       0x10 ./Core/Src/main.o
 .debug_macro   0x00000000000162d1       0x16 ./Core/Src/main.o
 .debug_macro   0x00000000000162e7       0x43 ./Core/Src/main.o
 .debug_macro   0x000000000001632a       0x34 ./Core/Src/main.o
 .debug_macro   0x000000000001635e       0x10 ./Core/Src/main.o
 .debug_macro   0x000000000001636e       0x58 ./Core/Src/main.o
 .debug_macro   0x00000000000163c6       0x71 ./Core/Src/main.o
 .debug_macro   0x0000000000016437       0x1c ./Core/Src/main.o
 .debug_macro   0x0000000000016453      0x12a ./Core/Src/main.o
 .debug_macro   0x000000000001657d       0x10 ./Core/Src/main.o
 .debug_macro   0x000000000001658d       0x1c ./Core/Src/main.o
 .debug_macro   0x00000000000165a9       0x52 ./Core/Src/main.o
 .debug_macro   0x00000000000165fb       0x22 ./Core/Src/main.o
 .debug_macro   0x000000000001661d       0x10 ./Core/Src/main.o
 .debug_macro   0x000000000001662d       0x52 ./Core/Src/main.o
 .debug_macro   0x000000000001667f       0xd5 ./Core/Src/main.o
 .debug_macro   0x0000000000016754       0x1c ./Core/Src/main.o
 .debug_macro   0x0000000000016770       0x3d ./Core/Src/main.o
 .debug_macro   0x00000000000167ad       0x16 ./Core/Src/main.o
 .debug_macro   0x00000000000167c3      0x145 ./Core/Src/main.o
 .debug_macro   0x0000000000016908       0x16 ./Core/Src/main.o
 .debug_macro   0x000000000001691e       0x20 ./Core/Src/main.o
 .debug_macro   0x000000000001693e      0x219 ./Core/Src/spi.o
 .debug_macro   0x0000000000016b57      0x20f ./Core/Src/stm32f4xx_hal_msp.o
 .debug_macro   0x0000000000016d66      0x200 ./Core/Src/stm32f4xx_hal_timebase_tim.o
 .debug_macro   0x0000000000016f66      0x219 ./Core/Src/stm32f4xx_it.o
 .debug_macro   0x000000000001717f      0x200 ./Core/Src/system_stm32f4xx.o
 .debug_macro   0x000000000001737f      0x219 ./Core/Src/usart.o
 .debug_macro   0x0000000000017598      0x260 ./Drivers/STM32F4xx_HAL_Driver/Src/stm32f4xx_hal.o
 .debug_macro   0x00000000000177f8      0x201 ./Drivers/STM32F4xx_HAL_Driver/Src/stm32f4xx_hal_adc.o
 .debug_macro   0x00000000000179f9      0x200 ./Drivers/STM32F4xx_HAL_Driver/Src/stm32f4xx_hal_cortex.o
 .debug_macro   0x0000000000017bf9      0x206 ./Drivers/STM32F4xx_HAL_Driver/Src/stm32f4xx_hal_gpio.o
 .debug_macro   0x0000000000017dff      0x224 ./Drivers/STM32F4xx_HAL_Driver/Src/stm32f4xx_hal_rcc.o
 .debug_macro   0x0000000000018023      0x20f ./Drivers/STM32F4xx_HAL_Driver/Src/stm32f4xx_hal_spi.o
 .debug_macro   0x0000000000018232      0x201 ./Drivers/STM32F4xx_HAL_Driver/Src/stm32f4xx_hal_tim.o
 .debug_macro   0x0000000000018433      0x200 ./Drivers/STM32F4xx_HAL_Driver/Src/stm32f4xx_hal_tim_ex.o
 .debug_macro   0x0000000000018633      0x201 ./Drivers/STM32F4xx_HAL_Driver/Src/stm32f4xx_hal_uart.o

.debug_line     0x0000000000000000    0x158ba
 .debug_line    0x0000000000000000      0xb4f ./Core/Src/LoRa.o
 .debug_line    0x0000000000000b4f      0x7c5 ./Core/Src/adc.o
 .debug_line    0x0000000000001314      0x76b ./Core/Src/gpio.o
 .debug_line    0x0000000000001a7f      0xa91 ./Core/Src/main.o
 .debug_line    0x0000000000002510      0x7b7 ./Core/Src/spi.o
 .debug_line    0x0000000000002cc7      0x746 ./Core/Src/stm32f4xx_hal_msp.o
 .debug_line    0x000000000000340d      0x7b1 ./Core/Src/stm32f4xx_hal_timebase_tim.o
 .debug_line    0x0000000000003bbe      0x81b ./Core/Src/stm32f4xx_it.o
 .debug_line    0x00000000000043d9      0x7c7 ./Core/Src/system_stm32f4xx.o
 .debug_line    0x0000000000004ba0      0x7af ./Core/Src/usart.o
 .debug_line    0x000000000000534f       0x88 ./Core/Startup/startup_stm32f411vetx.o
 .debug_line    0x00000000000053d7      0xa41 ./Drivers/STM32F4xx_HAL_Driver/Src/stm32f4xx_hal.o
 .debug_line    0x0000000000005e18     0x14a8 ./Drivers/STM32F4xx_HAL_Driver/Src/stm32f4xx_hal_adc.o
 .debug_line    0x00000000000072c0      0xea1 ./Drivers/STM32F4xx_HAL_Driver/Src/stm32f4xx_hal_cortex.o
 .debug_line    0x0000000000008161      0xd04 ./Drivers/STM32F4xx_HAL_Driver/Src/stm32f4xx_hal_gpio.o
 .debug_line    0x0000000000008e65      0xf63 ./Drivers/STM32F4xx_HAL_Driver/Src/stm32f4xx_hal_rcc.o
 .debug_line    0x0000000000009dc8     0x1e51 ./Drivers/STM32F4xx_HAL_Driver/Src/stm32f4xx_hal_spi.o
 .debug_line    0x000000000000bc19     0x5244 ./Drivers/STM32F4xx_HAL_Driver/Src/stm32f4xx_hal_tim.o
 .debug_line    0x0000000000010e5d     0x1e0c ./Drivers/STM32F4xx_HAL_Driver/Src/stm32f4xx_hal_tim_ex.o
 .debug_line    0x0000000000012c69     0x2c51 ./Drivers/STM32F4xx_HAL_Driver/Src/stm32f4xx_hal_uart.o

.debug_str      0x0000000000000000    0x9bafa
 .debug_str     0x0000000000000000    0x93ea2 ./Core/Src/LoRa.o
                                      0x941c3 (size before relaxing)
 .debug_str     0x0000000000093ea2      0x378 ./Core/Src/adc.o
                                      0x93d20 (size before relaxing)
 .debug_str     0x000000000009421a       0x2c ./Core/Src/gpio.o
                                      0x938ae (size before relaxing)
 .debug_str     0x0000000000094246     0x441e ./Core/Src/main.o
                                      0x987a2 (size before relaxing)
 .debug_str     0x0000000000098664       0x4b ./Core/Src/spi.o
                                      0x93d3a (size before relaxing)
 .debug_str     0x00000000000986af       0x49 ./Core/Src/stm32f4xx_hal_msp.o
                                      0x93800 (size before relaxing)
 .debug_str     0x00000000000986f8      0x4b5 ./Core/Src/stm32f4xx_hal_timebase_tim.o
                                      0x941ab (size before relaxing)
 .debug_str     0x0000000000098bad       0xe9 ./Core/Src/stm32f4xx_it.o
                                      0x93cb2 (size before relaxing)
 .debug_str     0x0000000000098c96       0xdb ./Core/Src/system_stm32f4xx.o
                                      0x9381c (size before relaxing)
 .debug_str     0x0000000000098d71       0x51 ./Core/Src/usart.o
                                      0x93d43 (size before relaxing)
 .debug_str     0x0000000000098dc2       0x36 ./Core/Startup/startup_stm32f411vetx.o
                                         0x61 (size before relaxing)
 .debug_str     0x0000000000098df8      0x5a2 ./Drivers/STM32F4xx_HAL_Driver/Src/stm32f4xx_hal.o
                                      0x94268 (size before relaxing)
 .debug_str     0x000000000009939a      0x2c2 ./Drivers/STM32F4xx_HAL_Driver/Src/stm32f4xx_hal_adc.o
                                      0x93e05 (size before relaxing)
 .debug_str     0x000000000009965c      0x33a ./Drivers/STM32F4xx_HAL_Driver/Src/stm32f4xx_hal_cortex.o
                                      0x93f8b (size before relaxing)
 .debug_str     0x0000000000099996      0x101 ./Drivers/STM32F4xx_HAL_Driver/Src/stm32f4xx_hal_gpio.o
                                      0x939a5 (size before relaxing)
 .debug_str     0x0000000000099a97      0x1fd ./Drivers/STM32F4xx_HAL_Driver/Src/stm32f4xx_hal_rcc.o
                                      0x93c5e (size before relaxing)
 .debug_str     0x0000000000099c94      0x54b ./Drivers/STM32F4xx_HAL_Driver/Src/stm32f4xx_hal_spi.o
                                      0x940dc (size before relaxing)
 .debug_str     0x000000000009a1df      0xe2a ./Drivers/STM32F4xx_HAL_Driver/Src/stm32f4xx_hal_tim.o
                                      0x94ba4 (size before relaxing)
 .debug_str     0x000000000009b009      0x503 ./Drivers/STM32F4xx_HAL_Driver/Src/stm32f4xx_hal_tim_ex.o
                                      0x943c0 (size before relaxing)
 .debug_str     0x000000000009b50c      0x5ee ./Drivers/STM32F4xx_HAL_Driver/Src/stm32f4xx_hal_uart.o
                                      0x941eb (size before relaxing)

.comment        0x0000000000000000       0x50
 .comment       0x0000000000000000       0x50 ./Core/Src/LoRa.o
                                         0x51 (size before relaxing)
 .comment       0x0000000000000050       0x51 ./Core/Src/adc.o
 .comment       0x0000000000000050       0x51 ./Core/Src/gpio.o
 .comment       0x0000000000000050       0x51 ./Core/Src/main.o
 .comment       0x0000000000000050       0x51 ./Core/Src/spi.o
 .comment       0x0000000000000050       0x51 ./Core/Src/stm32f4xx_hal_msp.o
 .comment       0x0000000000000050       0x51 ./Core/Src/stm32f4xx_hal_timebase_tim.o
 .comment       0x0000000000000050       0x51 ./Core/Src/stm32f4xx_it.o
 .comment       0x0000000000000050       0x51 ./Core/Src/system_stm32f4xx.o
 .comment       0x0000000000000050       0x51 ./Core/Src/usart.o
 .comment       0x0000000000000050       0x51 ./Drivers/STM32F4xx_HAL_Driver/Src/stm32f4xx_hal.o
 .comment       0x0000000000000050       0x51 ./Drivers/STM32F4xx_HAL_Driver/Src/stm32f4xx_hal_adc.o
 .comment       0x0000000000000050       0x51 ./Drivers/STM32F4xx_HAL_Driver/Src/stm32f4xx_hal_cortex.o
 .comment       0x0000000000000050       0x51 ./Drivers/STM32F4xx_HAL_Driver/Src/stm32f4xx_hal_gpio.o
 .comment       0x0000000000000050       0x51 ./Drivers/STM32F4xx_HAL_Driver/Src/stm32f4xx_hal_rcc.o
 .comment       0x0000000000000050       0x51 ./Drivers/STM32F4xx_HAL_Driver/Src/stm32f4xx_hal_spi.o
 .comment       0x0000000000000050       0x51 ./Drivers/STM32F4xx_HAL_Driver/Src/stm32f4xx_hal_tim.o
 .comment       0x0000000000000050       0x51 ./Drivers/STM32F4xx_HAL_Driver/Src/stm32f4xx_hal_tim_ex.o
 .comment       0x0000000000000050       0x51 ./Drivers/STM32F4xx_HAL_Driver/Src/stm32f4xx_hal_uart.o

.debug_frame    0x0000000000000000     0x406c
 .debug_frame   0x0000000000000000      0x2cc ./Core/Src/LoRa.o
 .debug_frame   0x00000000000002cc       0x7c ./Core/Src/adc.o
 .debug_frame   0x0000000000000348       0x34 ./Core/Src/gpio.o
 .debug_frame   0x000000000000037c       0xe0 ./Core/Src/main.o
 .debug_frame   0x000000000000045c       0x74 ./Core/Src/spi.o
 .debug_frame   0x00000000000004d0       0x34 ./Core/Src/stm32f4xx_hal_msp.o
 .debug_frame   0x0000000000000504       0x74 ./Core/Src/stm32f4xx_hal_timebase_tim.o
 .debug_frame   0x0000000000000578      0x124 ./Core/Src/stm32f4xx_it.o
 .debug_frame   0x000000000000069c       0x58 ./Core/Src/system_stm32f4xx.o
 .debug_frame   0x00000000000006f4       0x74 ./Core/Src/usart.o
 .debug_frame   0x0000000000000768      0x374 ./Drivers/STM32F4xx_HAL_Driver/Src/stm32f4xx_hal.o
 .debug_frame   0x0000000000000adc      0x3ec ./Drivers/STM32F4xx_HAL_Driver/Src/stm32f4xx_hal_adc.o
 .debug_frame   0x0000000000000ec8      0x494 ./Drivers/STM32F4xx_HAL_Driver/Src/stm32f4xx_hal_cortex.o
 .debug_frame   0x000000000000135c      0x138 ./Drivers/STM32F4xx_HAL_Driver/Src/stm32f4xx_hal_gpio.o
 .debug_frame   0x0000000000001494      0x1f8 ./Drivers/STM32F4xx_HAL_Driver/Src/stm32f4xx_hal_rcc.o
 .debug_frame   0x000000000000168c      0x824 ./Drivers/STM32F4xx_HAL_Driver/Src/stm32f4xx_hal_spi.o
 .debug_frame   0x0000000000001eb0     0x11d0 ./Drivers/STM32F4xx_HAL_Driver/Src/stm32f4xx_hal_tim.o
 .debug_frame   0x0000000000003080      0x620 ./Drivers/STM32F4xx_HAL_Driver/Src/stm32f4xx_hal_tim_ex.o
 .debug_frame   0x00000000000036a0      0x920 ./Drivers/STM32F4xx_HAL_Driver/Src/stm32f4xx_hal_uart.o
 .debug_frame   0x0000000000003fc0       0x2c /Applications/STM32CubeIDE.app/Contents/Eclipse/plugins/com.st.stm32cube.ide.mcu.externaltools.gnu-tools-for-stm32.10.3-2021.10.macos64_1.0.0.202111181127/tools/bin/../lib/gcc/arm-none-eabi/10.3.1/../../../../arm-none-eabi/lib/thumb/v7e-m+fp/hard/libc_nano.a(lib_a-init.o)
 .debug_frame   0x0000000000003fec       0x20 /Applications/STM32CubeIDE.app/Contents/Eclipse/plugins/com.st.stm32cube.ide.mcu.externaltools.gnu-tools-for-stm32.10.3-2021.10.macos64_1.0.0.202111181127/tools/bin/../lib/gcc/arm-none-eabi/10.3.1/../../../../arm-none-eabi/lib/thumb/v7e-m+fp/hard/libc_nano.a(lib_a-memset.o)
 .debug_frame   0x000000000000400c       0x2c /Applications/STM32CubeIDE.app/Contents/Eclipse/plugins/com.st.stm32cube.ide.mcu.externaltools.gnu-tools-for-stm32.10.3-2021.10.macos64_1.0.0.202111181127/tools/bin/../lib/gcc/arm-none-eabi/10.3.1/thumb/v7e-m+fp/hard/libgcc.a(_aeabi_uldivmod.o)
 .debug_frame   0x0000000000004038       0x34 /Applications/STM32CubeIDE.app/Contents/Eclipse/plugins/com.st.stm32cube.ide.mcu.externaltools.gnu-tools-for-stm32.10.3-2021.10.macos64_1.0.0.202111181127/tools/bin/../lib/gcc/arm-none-eabi/10.3.1/thumb/v7e-m+fp/hard/libgcc.a(_udivmoddi4.o)
