15:55:28 **** Incremental Build of configuration Debug for project Procrastinator ****
make -j7 all 
arm-none-eabi-gcc "../Core/Src/main.c" -mcpu=cortex-m4 -std=gnu11 -g3 -DDEBUG -DUSE_HAL_DRIVER -DSTM32F411xE -c -I../Core/Inc -I../Drivers/STM32F4xx_HAL_Driver/Inc -I../Drivers/STM32F4xx_HAL_Driver/Inc/Legacy -I../Drivers/CMSIS/Device/ST/STM32F4xx/Include -I../Drivers/CMSIS/Include -O0 -ffunction-sections -fdata-sections -Wall -fstack-usage -MMD -MP -MF"Core/Src/main.d" -MT"Core/Src/main.o" --specs=nano.specs -mfpu=fpv4-sp-d16 -mfloat-abi=hard -mthumb -o "Core/Src/main.o"
In file included from ../Core/Src/main.c:30:
../Core/Inc/LoRa.h:1:1: warning: multi-line comment [-Wcomment]
    1 | // -------------------------------------------------- \\
      | ^
../Core/Src/main.c: In function 'main':
../Core/Src/main.c:135:11: warning: unused variable 'stat' [-Wunused-variable]
  135 |       int stat= 0;
      |           ^~~~
../Core/Src/main.c:110:12: warning: variable 'readvalue' set but not used [-Wunused-but-set-variable]
  110 |   uint16_t readvalue;
      |            ^~~~~~~~~
arm-none-eabi-gcc -u_printf_float -o "Procrastinator.elf" @"objects.list"   -mcpu=cortex-m4 -T"/Users/vitalii/Desktop/UCU/POK/Procrastinator_assemble/Procrastinator/STM32F411VETX_FLASH.ld" --specs=nosys.specs -Wl,-Map="Procrastinator.map" -Wl,--gc-sections -static --specs=nano.specs -mfpu=fpv4-sp-d16 -mfloat-abi=hard -mthumb -u _printf_float -Wl,--start-group -lc -lm -Wl,--end-group
Finished building target: Procrastinator.elf
 
arm-none-eabi-size   Procrastinator.elf 
arm-none-eabi-objdump -h -S  Procrastinator.elf  > "Procrastinator.list"
   text	   data	    bss	    dec	    hex	filename
  39812	    484	   2148	  42444	   a5cc	Procrastinator.elf
Finished building: default.size.stdout
 
Finished building: Procrastinator.list
 

15:55:28 Build Finished. 0 errors, 3 warnings. (took 903ms)

